---
source: crates/greentic-component/tests/wizard_provider_tests.rs
expression: snap
---
{
  "plan_version": 1,
  "generator": "greentic-component/wizard-provider",
  "template_version": "component-scaffold-v0.6.0",
  "template_digest_blake3": "b5dd1d58d34086a77eafe6de49a6b4bd5d22a0c5f2ffb829a131ceeadde80043",
  "requested_abi_version": "0.6.0",
  "step_count": 2,
  "steps": [
    {
      "kind": "ensure_dir",
      "path": "assets/i18n,schemas,src,tools",
      "size": null,
      "blake3": null
    },
    {
      "kind": "write_files",
      "path": "Cargo.toml,Makefile,README.md,assets/i18n/en.json,assets/i18n/locales.json,build.rs,component.manifest.json,rust-toolchain.toml,schemas/component.schema.json,src/i18n.rs,src/i18n_bundle.rs,src/lib.rs,src/qa.rs,tools/i18n.sh",
      "size": 41875,
      "blake3": "10df49dbc1734babcee0efc1017a5f7929f1053c59ce23ff4c1f037359f7732d"
    }
  ]
}
